2026-02-21 14:02:03,882 - INFO - The code for oops
2026-02-21 14:02:03,885 - INFO - State Bank of india Gandhinagar SBIN0014542 4 Avishek 40216376916 35000
2026-02-21 14:02:03,886 - INFO - State Bank of india Gandhinagar SBIN0014542 4 Nitesh 49078654567 39000
2026-02-21 14:02:03,886 - INFO - State Bank of india Gandhinagar SBIN0014542 4 Biprarshi 46456723689 25000
2026-02-21 14:02:03,886 - INFO - State Bank of india Gandhinagar SBIN0014542 4 Santanu 49812745629 55000
2026-02-21 14:26:06,027 - INFO - The code for oops
2026-02-21 14:26:06,030 - INFO - State Bank of india Gandhinagar SBIN0014542 4 Avishek 40216376916 35000
2026-02-21 14:26:06,030 - INFO - State Bank of india Gandhinagar SBIN0014542 4 Nitesh 49078654567 39000
2026-02-21 14:26:06,031 - INFO - State Bank of india Gandhinagar SBIN0014542 4 Biprarshi 46456723689 25000
2026-02-21 14:26:06,031 - INFO - State Bank of india Gandhinagar SBIN0014542 4 Santanu 49812745629 55000
2026-02-21 14:26:44,454 - INFO - The code for oops
2026-02-21 14:26:44,456 - INFO - State Bank of india Gandhinagar SBIN0014542 4 Avishek 40216376916 35000
2026-02-21 14:26:44,456 - INFO - State Bank of india Gandhinagar SBIN0014542 4 Nitesh 49078654567 39000
2026-02-21 14:26:44,456 - INFO - State Bank of india Gandhinagar SBIN0014542 4 Biprarshi 46456723689 25000
2026-02-21 14:26:44,456 - INFO - State Bank of india Gandhinagar SBIN0014542 4 Santanu 49812745629 55000
2026-02-21 14:26:44,827 - INFO - The code for oops
2026-02-21 14:26:44,829 - INFO - State Bank of india Gandhinagar SBIN0014542 4 Avishek 40216376916 35000
2026-02-21 14:26:44,829 - INFO - State Bank of india Gandhinagar SBIN0014542 4 Nitesh 49078654567 39000
2026-02-21 14:26:44,829 - INFO - State Bank of india Gandhinagar SBIN0014542 4 Biprarshi 46456723689 25000
2026-02-21 14:26:44,830 - INFO - State Bank of india Gandhinagar SBIN0014542 4 Santanu 49812745629 55000
2026-02-21 14:28:12,146 - INFO - The code for oops
2026-02-21 14:28:12,148 - INFO - State Bank of india Gandhinagar SBIN0014542 4 Avishek 40216376916 35000
2026-02-21 14:28:12,148 - INFO - State Bank of india Gandhinagar SBIN0014542 4 Nitesh 49078654567 39000
2026-02-21 14:28:12,148 - INFO - State Bank of india Gandhinagar SBIN0014542 4 Biprarshi 46456723689 25000
2026-02-21 14:28:12,148 - INFO - State Bank of india Gandhinagar SBIN0014542 4 Santanu 49812745629 55000
2026-02-21 15:37:53,463 - INFO - The code for oops
2026-02-21 15:39:20,812 - INFO - The code for oops
2026-02-21 15:40:05,118 - INFO - The code for oops
2026-02-21 15:48:10,614 - INFO - The code for oops
2026-02-21 15:51:43,010 - INFO - The code for oops
2026-02-21 15:54:23,528 - INFO - The code for oops
2026-02-21 15:59:24,728 - INFO - The code for oops
2026-02-21 16:00:22,024 - INFO - The code for oops
2026-02-21 16:01:12,116 - INFO - The code for oops
2026-02-21 16:03:29,822 - INFO - The code for oops
2026-02-21 16:11:40,554 - INFO - The code for oops
2026-02-21 16:14:59,302 - INFO - The code for oops
